// Jest Snapshot v1, https://goo.gl/fbAQLP

exports[`Should SimilarMovies render correctly 1`] = `
<div>
  <div
    class="catalog__movies-list"
  />
</div>
`;
